Archive member included to satisfy reference by file (symbol)

/usr/lib/gcc/avr/5.3.0/avr4/libgcc.a(_divmodhi4.o)
                              main.o (__divmodhi4)
/usr/lib/gcc/avr/5.3.0/avr4/libgcc.a(_exit.o)
                              /usr/lib/gcc/avr/5.3.0/../../../../avr/lib/avr4/crtatmega88.o (exit)
/usr/lib/gcc/avr/5.3.0/avr4/libgcc.a(_copy_data.o)
                              SteeperControlling.o (__do_copy_data)
/usr/lib/gcc/avr/5.3.0/avr4/libgcc.a(_clear_bss.o)
                              SteeperControlling.o (__do_clear_bss)
/usr/lib/gcc/avr/5.3.0/avr4/libgcc.a(_udivmodhi4.o)
                              /usr/lib/gcc/avr/5.3.0/avr4/libgcc.a(_divmodhi4.o) (__udivmodhi4)

Allocating common symbols
Common symbol       size              file

ydir                0x1               main.o
zdir                0x1               main.o
delayXY             0x1               main.o
ycoordinate         0x2               main.o
xcoordinate         0x2               main.o
delayZ              0x1               main.o
xdir                0x1               main.o

Discarded input sections

 .data          0x00000000        0x0 /usr/lib/gcc/avr/5.3.0/../../../../avr/lib/avr4/crtatmega88.o
 .bss           0x00000000        0x0 /usr/lib/gcc/avr/5.3.0/../../../../avr/lib/avr4/crtatmega88.o
 .text          0x00000000        0x0 SteeperControlling.o
 .data          0x00000000        0x0 SteeperControlling.o
 .bss           0x00000000        0x0 SteeperControlling.o
 .text.fowardB  0x00000000       0x5c SteeperControlling.o
 .text          0x00000000        0x0 main.o
 .data          0x00000000        0x0 main.o
 .bss           0x00000000        0x0 main.o
 .text.LedBlink
                0x00000000       0x26 main.o
 .text          0x00000000        0x0 /usr/lib/gcc/avr/5.3.0/avr4/libgcc.a(_divmodhi4.o)
 .data          0x00000000        0x0 /usr/lib/gcc/avr/5.3.0/avr4/libgcc.a(_divmodhi4.o)
 .bss           0x00000000        0x0 /usr/lib/gcc/avr/5.3.0/avr4/libgcc.a(_divmodhi4.o)
 .text.libgcc.mul
                0x00000000        0x0 /usr/lib/gcc/avr/5.3.0/avr4/libgcc.a(_divmodhi4.o)
 .text.libgcc   0x00000000        0x0 /usr/lib/gcc/avr/5.3.0/avr4/libgcc.a(_divmodhi4.o)
 .text.libgcc.prologue
                0x00000000        0x0 /usr/lib/gcc/avr/5.3.0/avr4/libgcc.a(_divmodhi4.o)
 .text.libgcc.builtins
                0x00000000        0x0 /usr/lib/gcc/avr/5.3.0/avr4/libgcc.a(_divmodhi4.o)
 .text.libgcc.fmul
                0x00000000        0x0 /usr/lib/gcc/avr/5.3.0/avr4/libgcc.a(_divmodhi4.o)
 .text.libgcc.fixed
                0x00000000        0x0 /usr/lib/gcc/avr/5.3.0/avr4/libgcc.a(_divmodhi4.o)
 .text          0x00000000        0x0 /usr/lib/gcc/avr/5.3.0/avr4/libgcc.a(_exit.o)
 .data          0x00000000        0x0 /usr/lib/gcc/avr/5.3.0/avr4/libgcc.a(_exit.o)
 .bss           0x00000000        0x0 /usr/lib/gcc/avr/5.3.0/avr4/libgcc.a(_exit.o)
 .text.libgcc.mul
                0x00000000        0x0 /usr/lib/gcc/avr/5.3.0/avr4/libgcc.a(_exit.o)
 .text.libgcc.div
                0x00000000        0x0 /usr/lib/gcc/avr/5.3.0/avr4/libgcc.a(_exit.o)
 .text.libgcc   0x00000000        0x0 /usr/lib/gcc/avr/5.3.0/avr4/libgcc.a(_exit.o)
 .text.libgcc.prologue
                0x00000000        0x0 /usr/lib/gcc/avr/5.3.0/avr4/libgcc.a(_exit.o)
 .text.libgcc.builtins
                0x00000000        0x0 /usr/lib/gcc/avr/5.3.0/avr4/libgcc.a(_exit.o)
 .text.libgcc.fmul
                0x00000000        0x0 /usr/lib/gcc/avr/5.3.0/avr4/libgcc.a(_exit.o)
 .text.libgcc.fixed
                0x00000000        0x0 /usr/lib/gcc/avr/5.3.0/avr4/libgcc.a(_exit.o)
 .text          0x00000000        0x0 /usr/lib/gcc/avr/5.3.0/avr4/libgcc.a(_copy_data.o)
 .data          0x00000000        0x0 /usr/lib/gcc/avr/5.3.0/avr4/libgcc.a(_copy_data.o)
 .bss           0x00000000        0x0 /usr/lib/gcc/avr/5.3.0/avr4/libgcc.a(_copy_data.o)
 .text.libgcc.mul
                0x00000000        0x0 /usr/lib/gcc/avr/5.3.0/avr4/libgcc.a(_copy_data.o)
 .text.libgcc.div
                0x00000000        0x0 /usr/lib/gcc/avr/5.3.0/avr4/libgcc.a(_copy_data.o)
 .text.libgcc   0x00000000        0x0 /usr/lib/gcc/avr/5.3.0/avr4/libgcc.a(_copy_data.o)
 .text.libgcc.prologue
                0x00000000        0x0 /usr/lib/gcc/avr/5.3.0/avr4/libgcc.a(_copy_data.o)
 .text.libgcc.builtins
                0x00000000        0x0 /usr/lib/gcc/avr/5.3.0/avr4/libgcc.a(_copy_data.o)
 .text.libgcc.fmul
                0x00000000        0x0 /usr/lib/gcc/avr/5.3.0/avr4/libgcc.a(_copy_data.o)
 .text.libgcc.fixed
                0x00000000        0x0 /usr/lib/gcc/avr/5.3.0/avr4/libgcc.a(_copy_data.o)
 .text          0x00000000        0x0 /usr/lib/gcc/avr/5.3.0/avr4/libgcc.a(_clear_bss.o)
 .data          0x00000000        0x0 /usr/lib/gcc/avr/5.3.0/avr4/libgcc.a(_clear_bss.o)
 .bss           0x00000000        0x0 /usr/lib/gcc/avr/5.3.0/avr4/libgcc.a(_clear_bss.o)
 .text.libgcc.mul
                0x00000000        0x0 /usr/lib/gcc/avr/5.3.0/avr4/libgcc.a(_clear_bss.o)
 .text.libgcc.div
                0x00000000        0x0 /usr/lib/gcc/avr/5.3.0/avr4/libgcc.a(_clear_bss.o)
 .text.libgcc   0x00000000        0x0 /usr/lib/gcc/avr/5.3.0/avr4/libgcc.a(_clear_bss.o)
 .text.libgcc.prologue
                0x00000000        0x0 /usr/lib/gcc/avr/5.3.0/avr4/libgcc.a(_clear_bss.o)
 .text.libgcc.builtins
                0x00000000        0x0 /usr/lib/gcc/avr/5.3.0/avr4/libgcc.a(_clear_bss.o)
 .text.libgcc.fmul
                0x00000000        0x0 /usr/lib/gcc/avr/5.3.0/avr4/libgcc.a(_clear_bss.o)
 .text.libgcc.fixed
                0x00000000        0x0 /usr/lib/gcc/avr/5.3.0/avr4/libgcc.a(_clear_bss.o)
 .text          0x00000000        0x0 /usr/lib/gcc/avr/5.3.0/avr4/libgcc.a(_udivmodhi4.o)
 .data          0x00000000        0x0 /usr/lib/gcc/avr/5.3.0/avr4/libgcc.a(_udivmodhi4.o)
 .bss           0x00000000        0x0 /usr/lib/gcc/avr/5.3.0/avr4/libgcc.a(_udivmodhi4.o)
 .text.libgcc.mul
                0x00000000        0x0 /usr/lib/gcc/avr/5.3.0/avr4/libgcc.a(_udivmodhi4.o)
 .text.libgcc   0x00000000        0x0 /usr/lib/gcc/avr/5.3.0/avr4/libgcc.a(_udivmodhi4.o)
 .text.libgcc.prologue
                0x00000000        0x0 /usr/lib/gcc/avr/5.3.0/avr4/libgcc.a(_udivmodhi4.o)
 .text.libgcc.builtins
                0x00000000        0x0 /usr/lib/gcc/avr/5.3.0/avr4/libgcc.a(_udivmodhi4.o)
 .text.libgcc.fmul
                0x00000000        0x0 /usr/lib/gcc/avr/5.3.0/avr4/libgcc.a(_udivmodhi4.o)
 .text.libgcc.fixed
                0x00000000        0x0 /usr/lib/gcc/avr/5.3.0/avr4/libgcc.a(_udivmodhi4.o)

Memory Configuration

Name             Origin             Length             Attributes
text             0x00000000         0x00002000         xr
data             0x00800060         0x0000ffa0         rw !x
eeprom           0x00810000         0x00010000         rw !x
fuse             0x00820000         0x00000400         rw !x
lock             0x00830000         0x00000400         rw !x
signature        0x00840000         0x00000400         rw !x
*default*        0x00000000         0xffffffff

Linker script and memory map

Address of section .data set to 0x800100
LOAD /usr/lib/gcc/avr/5.3.0/../../../../avr/lib/avr4/crtatmega88.o
LOAD SteeperControlling.o
LOAD main.o
START GROUP
LOAD /usr/lib/gcc/avr/5.3.0/avr4/libgcc.a
LOAD /usr/lib/gcc/avr/5.3.0/../../../../avr/lib/avr4/libm.a
LOAD /usr/lib/gcc/avr/5.3.0/../../../../avr/lib/avr4/libc.a
LOAD /usr/lib/gcc/avr/5.3.0/../../../../avr/lib/avr4/libatmega88.a
END GROUP

.hash
 *(.hash)

.dynsym
 *(.dynsym)

.dynstr
 *(.dynstr)

.gnu.version
 *(.gnu.version)

.gnu.version_d
 *(.gnu.version_d)

.gnu.version_r
 *(.gnu.version_r)

.rel.init
 *(.rel.init)

.rela.init
 *(.rela.init)

.rel.text
 *(.rel.text)
 *(.rel.text.*)
 *(.rel.gnu.linkonce.t*)

.rela.text
 *(.rela.text)
 *(.rela.text.*)
 *(.rela.gnu.linkonce.t*)

.rel.fini
 *(.rel.fini)

.rela.fini
 *(.rela.fini)

.rel.rodata
 *(.rel.rodata)
 *(.rel.rodata.*)
 *(.rel.gnu.linkonce.r*)

.rela.rodata
 *(.rela.rodata)
 *(.rela.rodata.*)
 *(.rela.gnu.linkonce.r*)

.rel.data
 *(.rel.data)
 *(.rel.data.*)
 *(.rel.gnu.linkonce.d*)

.rela.data
 *(.rela.data)
 *(.rela.data.*)
 *(.rela.gnu.linkonce.d*)

.rel.ctors
 *(.rel.ctors)

.rela.ctors
 *(.rela.ctors)

.rel.dtors
 *(.rel.dtors)

.rela.dtors
 *(.rela.dtors)

.rel.got
 *(.rel.got)

.rela.got
 *(.rela.got)

.rel.bss
 *(.rel.bss)

.rela.bss
 *(.rela.bss)

.rel.plt
 *(.rel.plt)

.rela.plt
 *(.rela.plt)

.text           0x00000000      0x740
 *(.vectors)
 .vectors       0x00000000       0x34 /usr/lib/gcc/avr/5.3.0/../../../../avr/lib/avr4/crtatmega88.o
                0x00000000                __vectors
                0x00000000                __vector_default
 *(.vectors)
 *(.progmem.gcc*)
                0x00000034                . = ALIGN (0x2)
                0x00000034                __trampolines_start = .
 *(.trampolines)
 .trampolines   0x00000034        0x0 linker stubs
 *(.trampolines*)
                0x00000034                __trampolines_end = .
 *(.progmem*)
                0x00000034                . = ALIGN (0x2)
 *(.jumptables)
 *(.jumptables*)
 *(.lowtext)
 *(.lowtext*)
                0x00000034                __ctors_start = .
 *(.ctors)
                0x00000034                __ctors_end = .
                0x00000034                __dtors_start = .
 *(.dtors)
                0x00000034                __dtors_end = .
 SORT(*)(.ctors)
 SORT(*)(.dtors)
 *(.init0)
 .init0         0x00000034        0x0 /usr/lib/gcc/avr/5.3.0/../../../../avr/lib/avr4/crtatmega88.o
                0x00000034                __init
 *(.init0)
 *(.init1)
 *(.init1)
 *(.init2)
 .init2         0x00000034        0xc /usr/lib/gcc/avr/5.3.0/../../../../avr/lib/avr4/crtatmega88.o
 *(.init2)
 *(.init3)
 *(.init3)
 *(.init4)
 .init4         0x00000040       0x16 /usr/lib/gcc/avr/5.3.0/avr4/libgcc.a(_copy_data.o)
                0x00000040                __do_copy_data
 .init4         0x00000056       0x10 /usr/lib/gcc/avr/5.3.0/avr4/libgcc.a(_clear_bss.o)
                0x00000056                __do_clear_bss
 *(.init4)
 *(.init5)
 *(.init5)
 *(.init6)
 *(.init6)
 *(.init7)
 *(.init7)
 *(.init8)
 *(.init8)
 *(.init9)
 .init9         0x00000066        0x4 /usr/lib/gcc/avr/5.3.0/../../../../avr/lib/avr4/crtatmega88.o
 *(.init9)
 *(.text)
 .text          0x0000006a        0x2 /usr/lib/gcc/avr/5.3.0/../../../../avr/lib/avr4/crtatmega88.o
                0x0000006a                __vector_22
                0x0000006a                __vector_1
                0x0000006a                __vector_24
                0x0000006a                __vector_12
                0x0000006a                __bad_interrupt
                0x0000006a                __vector_6
                0x0000006a                __vector_3
                0x0000006a                __vector_23
                0x0000006a                __vector_25
                0x0000006a                __vector_11
                0x0000006a                __vector_13
                0x0000006a                __vector_17
                0x0000006a                __vector_19
                0x0000006a                __vector_7
                0x0000006a                __vector_5
                0x0000006a                __vector_4
                0x0000006a                __vector_9
                0x0000006a                __vector_2
                0x0000006a                __vector_21
                0x0000006a                __vector_15
                0x0000006a                __vector_8
                0x0000006a                __vector_14
                0x0000006a                __vector_10
                0x0000006a                __vector_16
                0x0000006a                __vector_18
                0x0000006a                __vector_20
                0x0000006c                . = ALIGN (0x2)
 *(.text.*)
 .text.fowardA  0x0000006c       0x5c SteeperControlling.o
                0x0000006c                fowardA
 .text.backwardA
                0x000000c8       0x62 SteeperControlling.o
                0x000000c8                backwardA
 .text.backwardB
                0x0000012a       0x62 SteeperControlling.o
                0x0000012a                backwardB
 .text.downZ    0x0000018c       0x46 SteeperControlling.o
                0x0000018c                downZ
 .text.upZ      0x000001d2       0x4a SteeperControlling.o
                0x000001d2                upZ
 .text.moveXY   0x0000021c       0xdc SteeperControlling.o
                0x0000021c                moveXY
 .text.delay_ms
                0x000002f8       0x16 main.o
                0x000002f8                delay_ms
 .text.UARTConfig
                0x0000030e       0x18 main.o
                0x0000030e                UARTConfig
 .text.UARTReceive
                0x00000326        0xe main.o
                0x00000326                UARTReceive
 .text.UARTSendChar
                0x00000334        0xe main.o
                0x00000334                UARTSendChar
 .text.UARTSendString
                0x00000342       0x16 main.o
                0x00000342                UARTSendString
 .text.UARTSendInt
                0x00000358       0x8a main.o
                0x00000358                UARTSendInt
 .text.getcoordinates
                0x000003e2       0xee main.o
                0x000003e2                getcoordinates
 .text.getdelays
                0x000004d0       0x72 main.o
                0x000004d0                getdelays
 .text.startup.main
                0x00000542      0x1ac main.o
                0x00000542                main
 .text.libgcc.div
                0x000006ee       0x26 /usr/lib/gcc/avr/5.3.0/avr4/libgcc.a(_divmodhi4.o)
                0x000006ee                __divmodhi4
                0x000006ee                _div
 .text.libgcc.div
                0x00000714       0x28 /usr/lib/gcc/avr/5.3.0/avr4/libgcc.a(_udivmodhi4.o)
                0x00000714                __udivmodhi4
                0x0000073c                . = ALIGN (0x2)
 *(.fini9)
 .fini9         0x0000073c        0x0 /usr/lib/gcc/avr/5.3.0/avr4/libgcc.a(_exit.o)
                0x0000073c                exit
                0x0000073c                _exit
 *(.fini9)
 *(.fini8)
 *(.fini8)
 *(.fini7)
 *(.fini7)
 *(.fini6)
 *(.fini6)
 *(.fini5)
 *(.fini5)
 *(.fini4)
 *(.fini4)
 *(.fini3)
 *(.fini3)
 *(.fini2)
 *(.fini2)
 *(.fini1)
 *(.fini1)
 *(.fini0)
 .fini0         0x0000073c        0x4 /usr/lib/gcc/avr/5.3.0/avr4/libgcc.a(_exit.o)
 *(.fini0)
                0x00000740                _etext = .

.data           0x00800100       0x2a load address 0x00000740
                0x00800100                PROVIDE (__data_start, .)
 *(.data)
 *(.data*)
 .data.stepsC   0x00800100        0x4 SteeperControlling.o
                0x00800100                stepsC
 .data.stepsB   0x00800104        0x8 SteeperControlling.o
                0x00800104                stepsB
 .data.stepsA   0x0080010c        0x8 SteeperControlling.o
                0x0080010c                stepsA
 .data.znow     0x00800114        0x1 main.o
                0x00800114                znow
 *(.rodata)
 *(.rodata*)
 .rodata.str1.1
                0x00800115       0x15 main.o
                                 0x1a (size before relaxing)
 *(.gnu.linkonce.d*)
                0x0080012a                . = ALIGN (0x2)
                0x0080012a                _edata = .
                0x0080012a                PROVIDE (__data_end, .)

.bss            0x0080012a       0x10
                0x0080012a                PROVIDE (__bss_start, .)
 *(.bss)
 *(.bss*)
 .bss.pozC      0x0080012a        0x1 SteeperControlling.o
                0x0080012a                pozC
 .bss.pozB      0x0080012b        0x1 SteeperControlling.o
                0x0080012b                pozB
 .bss.pozA      0x0080012c        0x1 SteeperControlling.o
                0x0080012c                pozA
 .bss.ynow      0x0080012d        0x2 main.o
                0x0080012d                ynow
 .bss.xnow      0x0080012f        0x2 main.o
                0x0080012f                xnow
 *(COMMON)
 COMMON         0x00800131        0x9 main.o
                0x00800131                ydir
                0x00800132                zdir
                0x00800133                delayXY
                0x00800134                ycoordinate
                0x00800136                xcoordinate
                0x00800138                delayZ
                0x00800139                xdir
                0x0080013a                PROVIDE (__bss_end, .)
                0x00000740                __data_load_start = LOADADDR (.data)
                0x0000076a                __data_load_end = (__data_load_start + SIZEOF (.data))

.noinit         0x0080013a        0x0
                [!provide]                PROVIDE (__noinit_start, .)
 *(.noinit*)
                [!provide]                PROVIDE (__noinit_end, .)
                0x0080013a                _end = .
                [!provide]                PROVIDE (__heap_start, .)

.eeprom         0x00810000        0x0
 *(.eeprom*)
                0x00810000                __eeprom_end = .

.fuse
 *(.fuse)
 *(.lfuse)
 *(.hfuse)
 *(.efuse)

.lock
 *(.lock*)

.signature
 *(.signature*)

.stab           0x00000000     0x1644
 *(.stab)
 .stab          0x00000000      0xaec SteeperControlling.o
                                0xbd0 (size before relaxing)
 .stab          0x00000aec      0xb58 main.o
                                0xdb0 (size before relaxing)

.stabstr        0x00000000     0x10b4
 *(.stabstr)
 .stabstr       0x00000000     0x10b4 SteeperControlling.o

.stab.excl
 *(.stab.excl)

.stab.exclstr
 *(.stab.exclstr)

.stab.index
 *(.stab.index)

.stab.indexstr
 *(.stab.indexstr)

.comment        0x00000000       0x11
 *(.comment)
 .comment       0x00000000       0x11 SteeperControlling.o
                                 0x12 (size before relaxing)
 .comment       0x00000011       0x12 main.o

.note.gnu.avr.deviceinfo
                0x00000000       0x3c
 .note.gnu.avr.deviceinfo
                0x00000000       0x3c /usr/lib/gcc/avr/5.3.0/../../../../avr/lib/avr4/crtatmega88.o

.note.gnu.build-id
 *(.note.gnu.build-id)

.debug
 *(.debug)

.line
 *(.line)

.debug_srcinfo
 *(.debug_srcinfo)

.debug_sfnames
 *(.debug_sfnames)

.debug_aranges
 *(.debug_aranges)

.debug_pubnames
 *(.debug_pubnames)

.debug_info     0x00000000      0x5f4
 *(.debug_info .gnu.linkonce.wi.*)
 .debug_info    0x00000000      0x5f4 /usr/lib/gcc/avr/5.3.0/../../../../avr/lib/avr4/crtatmega88.o

.debug_abbrev   0x00000000      0x5a2
 *(.debug_abbrev)
 .debug_abbrev  0x00000000      0x5a2 /usr/lib/gcc/avr/5.3.0/../../../../avr/lib/avr4/crtatmega88.o

.debug_line     0x00000000       0x1d
 *(.debug_line .debug_line.* .debug_line_end)
 .debug_line    0x00000000       0x1d /usr/lib/gcc/avr/5.3.0/../../../../avr/lib/avr4/crtatmega88.o

.debug_frame
 *(.debug_frame)

.debug_str      0x00000000      0x20b
 *(.debug_str)
 .debug_str     0x00000000      0x20b /usr/lib/gcc/avr/5.3.0/../../../../avr/lib/avr4/crtatmega88.o

.debug_loc
 *(.debug_loc)

.debug_macinfo
 *(.debug_macinfo)

.debug_weaknames
 *(.debug_weaknames)

.debug_funcnames
 *(.debug_funcnames)

.debug_typenames
 *(.debug_typenames)

.debug_varnames
 *(.debug_varnames)

.debug_pubtypes
 *(.debug_pubtypes)

.debug_ranges
 *(.debug_ranges)

.debug_macro
 *(.debug_macro)
OUTPUT(Firmware.elf elf32-avr)
LOAD linker stubs
